// Jest Snapshot v1, https://goo.gl/fbAQLP

exports[`test cases for web should skeleton in circle 1`] = `ReactWrapper {}`;
